MSBuild version 17.14.40+3e7442088 for .NET Framework

  Checking File Globs
  Orion_rc_lib.vcxproj -> C:\Users\charl\OneDrive\Documents\GitHub\Orion\build\Orion_rc_lib.dir\Debug\Orion_rc_lib.lib
  base.vcxproj -> C:\Users\charl\OneDrive\Documents\GitHub\Orion\build\lib\Debug\base.lib
  pluginterfaces.vcxproj -> C:\Users\charl\OneDrive\Documents\GitHub\Orion\build\lib\Debug\pluginterfaces.lib
  sdk_common.vcxproj -> C:\Users\charl\OneDrive\Documents\GitHub\Orion\build\lib\Debug\sdk_common.lib
  sdk.vcxproj -> C:\Users\charl\OneDrive\Documents\GitHub\Orion\build\lib\Debug\sdk.lib
  AudioEngine.cpp
  InstrumentTrack.cpp
  MidiClip.cpp
  ProjectSerializer.cpp
  Generating Code...
  OrionCore.vcxproj -> C:\Users\charl\OneDrive\Documents\GitHub\Orion\build\Debug\OrionCore.lib
  liblua.vcxproj -> C:\Users\charl\OneDrive\Documents\GitHub\Orion\build\Debug\liblua.lib
  Main.cpp
  MainComponent.cpp
  ExtensionManager.cpp
  TimelineComponent.cpp
  InspectorComponent.cpp
  EditorComponent.cpp
  ClipComponent.cpp
  ChannelStrip.cpp
  ChannelInspectorPopup.cpp
  MidiClipComponent.cpp
  PianoRollComponent.cpp
C:\Users\charl\OneDrive\Documents\GitHub\Orion\app\ExtensionManager.cpp(719,93): warning C4244: 'argument': conversion from 'double' to 'float', possible loss of data [C:\Users\charl\OneDrive\Documents\GitHub\Orion\build\Orion.vcxproj]
C:\Users\charl\OneDrive\Documents\GitHub\Orion\app\ExtensionManager.cpp(720,95): warning C4244: 'argument': conversion from 'double' to 'float', possible loss of data [C:\Users\charl\OneDrive\Documents\GitHub\Orion\build\Orion.vcxproj]
C:\Users\charl\OneDrive\Documents\GitHub\Orion\app\ExtensionManager.cpp(806,16): error C2084: function 'int Orion::lua_mixer_setMasterVolume(lua_State *)' already has a body [C:\Users\charl\OneDrive\Documents\GitHub\Orion\build\Orion.vcxproj]
      C:\Users\charl\OneDrive\Documents\GitHub\Orion\app\ExtensionManager.cpp(798,16):
      see previous definition of 'Orion::lua_mixer_setMasterVolume'
  
