MSBuild version 17.14.40+3e7442088 for .NET Framework
MSBUILD : error MSB1009: Project file does not exist.
Switch: ExtensionTest.vcxproj
